../Core/Src/fsm_logic.c:47:8:FSM_init	24	static
../Core/Src/fsm_logic.c:71:8:FSM_step	8	static
../Core/Src/fsm_logic.c:78:15:FSM_read_inputs	16	static
../Core/Src/fsm_logic.c:103:15:FSM_update_state	8	static
../Core/Src/fsm_logic.c:113:15:FSM_latern_inactive	8	static
../Core/Src/fsm_logic.c:134:15:FSM_latern_red	8	static
../Core/Src/fsm_logic.c:157:15:FSM_latern_yellow	8	static
../Core/Src/fsm_logic.c:180:15:FSM_latern_green	8	static
../Core/Src/fsm_logic.c:203:6:HAL_GPIO_EXTI_Callback	16	static
../Core/Src/fsm_logic.c:223:6:HAL_TIM_PeriodElapsedCallback	16	static
../Core/Src/fsm_logic.c:227:6:HAL_UART_TxCpltCallback	16	static
../Core/Src/fsm_logic.c:232:6:print_message	56	static
