../Core/Src/fsm_logic.c:58:8:FSM_init	24	static
../Core/Src/fsm_logic.c:92:8:FSM_step	8	static
../Core/Src/fsm_logic.c:100:15:FSM_read_inputs	8	static
../Core/Src/fsm_logic.c:134:15:FSM_update_state	8	static
../Core/Src/fsm_logic.c:162:15:FSM_stateAttesa	16	static
../Core/Src/fsm_logic.c:201:15:FSM_stateCottura	8	static
../Core/Src/fsm_logic.c:218:15:FSM_stateErroreTempo	8	static
../Core/Src/fsm_logic.c:233:15:FSM_stateErroreSportello	16	static
../Core/Src/fsm_logic.c:248:6:HAL_UART_RxCpltCallback	16	static
../Core/Src/fsm_logic.c:256:6:HAL_UART_ErrorCallback	16	static
../Core/Src/fsm_logic.c:263:6:HAL_TIM_PeriodElapsedCallback	16	static
